// Jest Snapshot v1, https://goo.gl/fbAQLP

exports[`Test of my functions  Test Mu func 1`] = `NaN`;
